// Jest Snapshot v1, https://goo.gl/fbAQLP

exports[`<App /> рендерит WelcomeScreen <App /> рендерит WelcomeScreen 1`] = `
<section
  className="welcome"
>
  <div
    className="welcome__logo"
  >
    <img
      alt="Угадай мелодию"
      height="83"
      src="img/melody-logo.png"
      width="186"
    />
  </div>
  <button
    className="welcome__button"
    onClick={[Function]}
  >
    <span
      className="visually-hidden"
    >
      Начать игру
    </span>
  </button>
  <h2
    className="welcome__rules-title"
  >
    Правила игры
  </h2>
  <p
    className="welcome__text"
  >
    Правила просты:
  </p>
  <ul
    className="welcome__rules-list"
  >
    <li>
      Нужно ответить на все вопросы.
    </li>
    <li>
      Можно допустить 
      1
      4
      -7
      127
       ошибки.
    </li>
  </ul>
  <p
    className="welcome__text"
  >
    Удачи!
  </p>
</section>
`;

exports[`<App /> рендерит WelcomeScreen <App /> рендерит errorsValue = null 1`] = `
<section
  className="welcome"
>
  <div
    className="welcome__logo"
  >
    <img
      alt="Угадай мелодию"
      height="83"
      src="img/melody-logo.png"
      width="186"
    />
  </div>
  <button
    className="welcome__button"
    onClick={[Function]}
  >
    <span
      className="visually-hidden"
    >
      Начать игру
    </span>
  </button>
  <h2
    className="welcome__rules-title"
  >
    Правила игры
  </h2>
  <p
    className="welcome__text"
  >
    Правила просты:
  </p>
  <ul
    className="welcome__rules-list"
  >
    <li>
      Нужно ответить на все вопросы.
    </li>
    <li>
      Можно допустить 
       ошибки.
    </li>
  </ul>
  <p
    className="welcome__text"
  >
    Удачи!
  </p>
</section>
`;

exports[`index рендерит <App />  index рендерит <App />  1`] = `
<section
  className="welcome"
>
  <div
    className="welcome__logo"
  >
    <img
      alt="Угадай мелодию"
      height="83"
      src="img/melody-logo.png"
      width="186"
    />
  </div>
  <button
    className="welcome__button"
    onClick={[Function]}
  >
    <span
      className="visually-hidden"
    >
      Начать игру
    </span>
  </button>
  <h2
    className="welcome__rules-title"
  >
    Правила игры
  </h2>
  <p
    className="welcome__text"
  >
    Правила просты:
  </p>
  <ul
    className="welcome__rules-list"
  >
    <li>
      Нужно ответить на все вопросы.
    </li>
    <li>
      Можно допустить 
      1
      4
      -7
      127
       ошибки.
    </li>
  </ul>
  <p
    className="welcome__text"
  >
    Удачи!
  </p>
</section>
`;

exports[`index рендерит <App />  index рендерит <App /> errorsValue = null 1`] = `
<section
  className="welcome"
>
  <div
    className="welcome__logo"
  >
    <img
      alt="Угадай мелодию"
      height="83"
      src="img/melody-logo.png"
      width="186"
    />
  </div>
  <button
    className="welcome__button"
    onClick={[Function]}
  >
    <span
      className="visually-hidden"
    >
      Начать игру
    </span>
  </button>
  <h2
    className="welcome__rules-title"
  >
    Правила игры
  </h2>
  <p
    className="welcome__text"
  >
    Правила просты:
  </p>
  <ul
    className="welcome__rules-list"
  >
    <li>
      Нужно ответить на все вопросы.
    </li>
    <li>
      Можно допустить 
       ошибки.
    </li>
  </ul>
  <p
    className="welcome__text"
  >
    Удачи!
  </p>
</section>
`;
